// Jest Snapshot v1, https://goo.gl/fbAQLP

exports[`should render default component 1`] = `
<div>
  getBiggerNum: 
</div>
`;
